source	package	version	architecture	sha256	error
https://huayuarc.github.io/	com.crassna.appcardlite	3.3.3-END	iphoneos-arm64e	9c729ec21ec85d1e471e46ef601cceb33ed80871033d8ac443e1df4cdddae4da	HTTP 404: https://huayuarc.github.io/debs/com.crassna.appcardlite
https://huayuarc.github.io/	com.ichitaso.iconorder	1.0.4	iphoneos-arm64e	9a6f55622891e60c1873e2c37fef68b36c4c798f7f8115ecee9f10fe5732f7bb	Command '['dpkg-deb', '--info', '/home/runner/work/archive_huayuarc/archive_huayuarc/debs/iphoneos-arm64e/tmp0g08i9ea.part']' returned non-zero exit status 2.
https://huayuarc.github.io/	com.crassna.appcardlite	3.3.3-END	iphoneos-arm64e	9c729ec21ec85d1e471e46ef601cceb33ed80871033d8ac443e1df4cdddae4da	HTTP 404: https://huayuarc.github.io/debs/com.crassna.appcardlite
https://huayuarc.github.io/	com.ichitaso.iconorder	1.0.4	iphoneos-arm64e	9a6f55622891e60c1873e2c37fef68b36c4c798f7f8115ecee9f10fe5732f7bb	Command '['dpkg-deb', '--info', '/home/runner/work/archive_huayuarc/archive_huayuarc/debs/iphoneos-arm64e/tmpi11kw2pw.part']' returned non-zero exit status 2.
https://huayuarc.github.io/	com.crassna.appcardlite	3.3.3-END	iphoneos-arm64e	9c729ec21ec85d1e471e46ef601cceb33ed80871033d8ac443e1df4cdddae4da	HTTP 404: https://huayuarc.github.io/debs/com.crassna.appcardlite
https://huayuarc.github.io/	com.ichitaso.iconorder	1.0.4	iphoneos-arm64e	9a6f55622891e60c1873e2c37fef68b36c4c798f7f8115ecee9f10fe5732f7bb	Command '['dpkg-deb', '--info', '/home/runner/work/archive_huayuarc/archive_huayuarc/debs/iphoneos-arm64e/tmp0gugy_ur.part']' returned non-zero exit status 2.
https://huayuarc.github.io/	com.crassna.appcardlite	3.3.3-END	iphoneos-arm64e	9c729ec21ec85d1e471e46ef601cceb33ed80871033d8ac443e1df4cdddae4da	HTTP 404: https://huayuarc.github.io/debs/com.crassna.appcardlite
https://huayuarc.github.io/	com.ichitaso.iconorder	1.0.4	iphoneos-arm64e	9a6f55622891e60c1873e2c37fef68b36c4c798f7f8115ecee9f10fe5732f7bb	Command '['dpkg-deb', '--info', '/home/runner/work/archive_huayuarc/archive_huayuarc/debs/iphoneos-arm64e/tmpp7qxgb11.part']' returned non-zero exit status 2.
https://huayuarc.github.io/	com.crassna.appcardlite	3.3.3-END	iphoneos-arm64e	9c729ec21ec85d1e471e46ef601cceb33ed80871033d8ac443e1df4cdddae4da	HTTP 404: https://huayuarc.github.io/debs/com.crassna.appcardlite
https://huayuarc.github.io/	com.ichitaso.iconorder	1.0.4	iphoneos-arm64e	9a6f55622891e60c1873e2c37fef68b36c4c798f7f8115ecee9f10fe5732f7bb	Command '['dpkg-deb', '--info', '/home/runner/work/archive_huayuarc/archive_huayuarc/debs/iphoneos-arm64e/tmpuz9h9c8s.part']' returned non-zero exit status 2.
https://huayuarc.github.io/	com.crassna.appcardlite	3.3.3-END	iphoneos-arm64e	9c729ec21ec85d1e471e46ef601cceb33ed80871033d8ac443e1df4cdddae4da	HTTP 404: https://huayuarc.github.io/debs/com.crassna.appcardlite
https://huayuarc.github.io/	com.ichitaso.iconorder	1.0.4	iphoneos-arm64e	9a6f55622891e60c1873e2c37fef68b36c4c798f7f8115ecee9f10fe5732f7bb	Command '['dpkg-deb', '--info', '/home/runner/work/archive_huayuarc/archive_huayuarc/debs/iphoneos-arm64e/tmpv5qpc5g1.part']' returned non-zero exit status 2.
https://huayuarc.github.io/	com.crassna.appcardlite	3.3.3-END	iphoneos-arm64e	9c729ec21ec85d1e471e46ef601cceb33ed80871033d8ac443e1df4cdddae4da	HTTP 404: https://huayuarc.github.io/debs/com.crassna.appcardlite
https://huayuarc.github.io/	com.ichitaso.iconorder	1.0.4	iphoneos-arm64e	9a6f55622891e60c1873e2c37fef68b36c4c798f7f8115ecee9f10fe5732f7bb	Command '['dpkg-deb', '--info', '/home/runner/work/archive_huayuarc/archive_huayuarc/debs/iphoneos-arm64e/tmpqy_zxh1z.part']' returned non-zero exit status 2.
https://huayuarc.github.io/	com.crassna.appcardlite	3.3.3-END	iphoneos-arm64e	9c729ec21ec85d1e471e46ef601cceb33ed80871033d8ac443e1df4cdddae4da	HTTP 404: https://huayuarc.github.io/debs/com.crassna.appcardlite
https://huayuarc.github.io/	com.ichitaso.iconorder	1.0.4	iphoneos-arm64e	9a6f55622891e60c1873e2c37fef68b36c4c798f7f8115ecee9f10fe5732f7bb	Command '['dpkg-deb', '--info', '/home/runner/work/archive_huayuarc/archive_huayuarc/debs/iphoneos-arm64e/tmpowpjudl4.part']' returned non-zero exit status 2.
https://huayuarc.github.io/	com.crassna.appcardlite	3.3.3-END	iphoneos-arm64e	9c729ec21ec85d1e471e46ef601cceb33ed80871033d8ac443e1df4cdddae4da	HTTP 404: https://huayuarc.github.io/debs/com.crassna.appcardlite
https://huayuarc.github.io/	com.ichitaso.iconorder	1.0.4	iphoneos-arm64e	9a6f55622891e60c1873e2c37fef68b36c4c798f7f8115ecee9f10fe5732f7bb	Command '['dpkg-deb', '--info', '/home/runner/work/archive_huayuarc/archive_huayuarc/debs/iphoneos-arm64e/tmp2s5bcny5.part']' returned non-zero exit status 2.
https://huayuarc.github.io/	com.icraze.smallboards	1.1	iphoneos-arm64e	2afd76e2edb6f9cef32c712485607e2dc9b902ea6bbf300c021375bee4619409	HTTP 404: https://huayuarc.github.io/debs/com.icraze.smallboards
https://huayuarc.github.io/	com.icraze.smallboards	1.1	iphoneos-arm64	9d0563361d57738c896c811a700122e65f26092c68bd1c290d1e54ddc4076703	HTTP 404: https://huayuarc.github.io/debs/com.icraze.smallboards
https://huayuarc.github.io/	com.pxcex.autoscroll	1.0	iphoneos-arm64e	db33882e71c7a01579cc59c64997771e10093f57eeeee49040992350e197e7e7	HTTP 404: https://huayuarc.github.io/debs/com.pxcex.autoscroll-1.0
https://huayuarc.github.io/	com.pxcex.autoscroll	1.0	iphoneos-arm64	a5ae4b8671f3b8f3cb73c9903fef92f521a4ea787fee97fe01b1d640705ef5b8	HTTP 404: https://huayuarc.github.io/debs/com.pxcex.autoscroll-1.0
https://huayuarc.github.io/	com.sini.autoscroll15	1.0.0	iphoneos-arm64e	354fc3ec4461f5668dcc7779e97395e021f9cb00cb182f9bb0be81ffe94aeaca	HTTP 404: https://huayuarc.github.io/debs/com.sini.autoscroll15-1.0.0
